Microchip MPLAB XC8 Compiler V1.30 ()

Linker command line:

--edf=/opt/microchip/xc8/v1.30/dat/en_msgs.txt -cs \
  -h+dist/default/production/prueba10f.X.production.sym \
  --cmf=dist/default/production/prueba10f.X.production.cmf -z -Q10F320 \
  -o/tmp/cgtIiNJCI -Mdist/default/production/prueba10f.X.production.map -E1 \
  -ver=XC8 -ASTACK=048h-07dh -pstack=STACK -ACONST=00h-0FFh -ACODE=00h-0FFh \
  -ASTRCODE=00h-0FFh -AENTRY=00h-0FFh -ASTRING=00h-0FFh -ABANK0=040h-07Dh \
  -ARAM=040h-07Dh -AABS1=040h-07Fh -ACOMMON=07Eh-07Fh -ASFR0=00h-03Fh \
  -preset_vec=00h,intentry,init,end_init -ppowerup=CODE -pcinit=CODE \
  -pfunctab=CODE -ACONFIG=02007h-02007h -pconfig=CONFIG -DCONFIG=2 \
  -AIDLOC=02000h-02003h -pidloc=IDLOC -DIDLOC=2 -DCODE=2 -DSTRCODE=2 \
  -DSTRING=2 -DCONST=2 -DENTRY=2 -k /tmp/cgtXgwxKr.obj \
  dist/default/production/prueba10f.X.production.obj 

Object code version is 3.11

Machine type is 10F320



                Name                               Link     Load   Length Selector   Space Scale
/tmp/cgtXgwxKr.obj
                end_init                              0        0        1        0       0
                config                             2007     2007        1     400E       0
dist/default/production/prueba10f.X.production.obj
                cinit                                 1        1        2        0       0
                cstackBANK0                          40       40        8       40       1
                maintext                              3        3       34        0       0

TOTAL           Name                               Link     Load   Length     Space
        CLASS   STACK          

        CLASS   CONST          

        CLASS   CODE           
                end_init                              0        0        1         0
                cinit                                 1        1        2         0
                maintext                              3        3       34         0

        CLASS   STRCODE        

        CLASS   ENTRY          

        CLASS   STRING         

        CLASS   BANK0          
                cstackBANK0                          40       40        8         1

        CLASS   RAM            

        CLASS   ABS1           
                abs_s1                               7E       7E        2         1

        CLASS   COMMON         

        CLASS   SFR0           

        CLASS   CONFIG         
                config                             2007     2007        1         0

        CLASS   IDLOC          

        CLASS   EEDATA         



SEGMENTS        Name                           Load    Length   Top    Selector   Space  Class     Delta

                reset_vec                      000000  000037  000037         0       0  CODE        2
                cstackBANK0                    000040  000008  000048        40       1  BANK0       1
                config                         002007  000001  002008      400E       0  CONFIG      2


UNUSED ADDRESS RANGES

        Name                Unused          Largest block    Delta
        BANK0            0048-007D             36           1
        CODE             0037-00FF             C9           2
        CONST            0037-00FF             C9           2
        ENTRY            0037-00FF             C9           2
        IDLOC            2000-2003              4           2
        RAM              0048-007D             36           1
        SFR0             0000-003F             40           1
        STACK            0048-007D             36           1
        STRCODE          0037-00FF             C9           2
        STRING           0037-00FF             C9           2

                                  Symbol Table

_PORTAbits               (abs)        0005
_TRISA                   (abs)        0006
__CFG_BOREN$ON           (abs)        0000
__CFG_BORV$LO            (abs)        0000
__CFG_CP$OFF             (abs)        0000
__CFG_FOSC$INTOSC        (abs)        0000
__CFG_LPBOR$ON           (abs)        0000
__CFG_LVP$OFF            (abs)        0000
__CFG_MCLRE$ON           (abs)        0000
__CFG_PWRTE$OFF          (abs)        0000
__CFG_WDTE$OFF           (abs)        0000
__CFG_WRT$OFF            (abs)        0000
__Habs1                  abs1         0000
__Hbank0                 bank0        0000
__Hcinit                 cinit        0003
__Hclrtext               clrtext      0000
__Hcode                  code         0000
__Hcommon                common       0000
__Hconfig                config       2008
__HcstackBANK0           cstackBANK0  0000
__HcstackCOMMON          cstackCOMMON 0000
__Heeprom_data           eeprom_data  0000
__Hend_init              end_init     0001
__Hfunctab               functab      0000
__Hidloc                 idloc        0000
__Hinit                  init         0000
__Hintentry              intentry     0000
__Hmaintext              maintext     0000
__Hpowerup               powerup      0000
__Hram                   ram          0000
__Hreset_vec             reset_vec    0000
__Hsfr0                  sfr0         0000
__Hstack                 stack        0000
__Hstrings               strings      0000
__Htext                  text         0000
__Labs1                  abs1         0000
__Lbank0                 bank0        0000
__Lcinit                 cinit        0001
__Lclrtext               clrtext      0000
__Lcode                  code         0000
__Lcommon                common       0000
__Lconfig                config       2007
__LcstackBANK0           cstackBANK0  0000
__LcstackCOMMON          cstackCOMMON 0000
__Leeprom_data           eeprom_data  0000
__Lend_init              end_init     0000
__Lfunctab               functab      0000
__Lidloc                 idloc        0000
__Linit                  init         0000
__Lintentry              intentry     0000
__Lmaintext              maintext     0000
__Lpowerup               powerup      0000
__Lram                   ram          0000
__Lreset_vec             reset_vec    0000
__Lsfr0                  sfr0         0000
__Lstack                 stack        0000
__Lstrings               strings      0000
__Ltext                  text         0000
__S0                     (abs)        2008
__S1                     (abs)        0048
__S2                     (abs)        0000
___int_sp                stack        0000
___latbits               (abs)        0000
___sp                    stack        0000
__end_of__initialization cinit        0001
__end_of_main            maintext     0037
__initialization         cinit        0001
__pcstackBANK0           cstackBANK0  0040
__pcstackCOMMON          cstackCOMMON 0000
__pmaintext              maintext     0003
__size_of_main           (abs)        0000
_main                    maintext     0003
btemp                    (abs)        007E
end_of_initialization    cinit        0001
intlevel0                functab      0000
intlevel1                functab      0000
intlevel2                functab      0000
intlevel3                functab      0000
intlevel4                functab      0000
intlevel5                functab      0000
ltemp                    (abs)        007E
ltemp0                   (abs)        007E
ltemp1                   (abs)        0082
ltemp2                   (abs)        0086
ltemp3                   (abs)        0080
main@i                   cstackBANK0  0044
main@i_41                cstackBANK0  0046
reset_vec                reset_vec    0000
stackhi                  (abs)        0000
stacklo                  (abs)        0000
start                    init         0000
start_initialization     cinit        0001
ttemp                    (abs)        007E
ttemp0                   (abs)        007E
ttemp1                   (abs)        0081
ttemp2                   (abs)        0084
ttemp3                   (abs)        0087
ttemp4                   (abs)        007F
wtemp                    (abs)        007E
wtemp0                   (abs)        007E
wtemp1                   (abs)        0080
wtemp2                   (abs)        0082
wtemp3                   (abs)        0084
wtemp4                   (abs)        0086
wtemp5                   (abs)        0088
wtemp6                   (abs)        007F


FUNCTION INFORMATION:

 *************** function _main *****************
 Defined at:
		line 37 in file "newmain.c"
 Parameters:    Size  Location     Type
  argc            2    0[BANK0 ] int 
  argv            2    2[BANK0 ] PTR PTR unsigned char 
 Auto vars:     Size  Location     Type
  i               2    6[BANK0 ] int 
  i               2    4[BANK0 ] int 
 Return value:  Size  Location     Type
                  2    0[BANK0 ] int 
 Registers used:
		wreg, status,2
 Tracked objects:
		On entry : 
		On exit  : 
		Unchanged: 
 Data sizes:     COMMON   BANK0
      Params:         0       4
      Locals:         0       4
      Temps:          0       0
      Totals:         0       8
Total ram usage:        8 bytes
 This function calls:
		Nothing
 This function is called by:
		Startup code after reset
 This function uses a non-reentrant model



MODULE INFORMATION

Module		Function		Class		Link	Load	Size
shared
		__initializatio		CODE           	0001	0000	0

shared estimated size: 0

newmain.c
		_main          		CODE           	0003	0000	52

newmain.c estimated size: 52

