Microchip MPLAB XC8 Compiler V1.30 ()

Linker command line:

--edf=/opt/microchip/xc8/v1.30/dat/en_msgs.txt -cs \
  -h+dist/default/production/FuncBasico.X.production.sym \
  --cmf=dist/default/production/FuncBasico.X.production.cmf -z -Q16LF1503 \
  -o/tmp/cgtAI4mi7 -Mdist/default/production/FuncBasico.X.production.map \
  -E1 -ver=XC8 -ASTACK=0202Eh-0206fh -pstack=STACK -ACONST=00h-0FFhx8 \
  -ACODE=00h-07FFh -ASTRCODE=00h-07FFh -AENTRY=00h-0FFhx8 \
  -ASTRING=00h-0FFhx8 -ACOMMON=070h-07Fh -ABANK0=020h-06Fh \
  -ABANK1=0A0h-0BFh -ABIGRAM=02000h-0206Fh -ARAM=020h-06Fh,0A0h-0BFh \
  -AABS1=020h-07Fh,0A0h-0BFh -ASFR0=00h-01Fh -ASFR1=080h-09Fh \
  -ASFR2=0100h-016Fh -ASFR3=0180h-01EFh -ASFR4=0200h-026Fh \
  -ASFR5=0280h-02EFh -ASFR6=0300h-036Fh -ASFR7=0380h-03EFh \
  -ASFR8=0400h-046Fh -ASFR9=0480h-04EFh -ASFR10=0500h-056Fh \
  -ASFR11=0580h-05EFh -ASFR12=0600h-066Fh -ASFR13=0680h-06EFh \
  -ASFR14=0700h-076Fh -ASFR15=0780h-07EFh -ASFR16=0800h-086Fh \
  -ASFR17=0880h-08EFh -ASFR18=0900h-096Fh -ASFR19=0980h-09EFh \
  -ASFR20=0A00h-0A6Fh -ASFR21=0A80h-0AEFh -ASFR22=0B00h-0B6Fh \
  -ASFR23=0B80h-0BEFh -ASFR24=0C00h-0C6Fh -ASFR25=0C80h-0CEFh \
  -ASFR26=0D00h-0D6Fh -ASFR27=0D80h-0DEFh -ASFR28=0E00h-0E6Fh \
  -ASFR29=0E80h-0EEFh -ASFR30=0F00h-0F6Fh -ASFR31=0F80h-0FEFh \
  -preset_vec=00h,intentry,init,end_init -ppowerup=CODE -pcinit=CODE \
  -pfunctab=CODE -ACONFIG=08007h-08008h -pconfig=CONFIG -DCONFIG=2 \
  -AIDLOC=08000h-08003h -pidloc=IDLOC -DIDLOC=2 -DCODE=2 -DSTRCODE=2 \
  -DSTRING=2 -DCONST=2 -DENTRY=2 -k /tmp/cgtglFkZA.obj \
  dist/default/production/FuncBasico.X.production.obj 

Object code version is 3.11

Machine type is 16LF1503



                Name                               Link     Load   Length Selector   Space Scale
/tmp/cgtglFkZA.obj
                end_init                              1        1        1        0       0
                reset_vec                             0        0        1        0       0
                config                             8007     8007        2    1000E       0
dist/default/production/FuncBasico.X.production.obj
                cinit                               7F2      7F2        E      FE4       0
                text16                              5BF      5BF       53      B7E       0
                text15                              612      612       60      C24       0
                text14                              49A      49A       21      934       0
                text13                              4BB      4BB       3B      976       0
                text12                              6FE      6FE       F4      DFC       0
                text11                              44A      44A       18      894       0
                text10                              47A      47A       20      8F4       0
                text9                               4F6      4F6       3F      9EC       0
                text8                               535      535       45      A6A       0
                text7                               57A      57A       45      AF4       0
                text6                               672      672       8C      CE4       0
                text5                               462      462       18      8C4       0
                text4                               430      430        C      860       0
                text3                               426      426        A      84C       0
                text2                               41E      41E        4      83C       0
                text1                               43C      43C        E      878       0
                maintext                            41B      41B        3      836       0
                cstackBANK0                          20       20       26       20       1
                cstackCOMMON                         70       70        E       70       1
                dataBANK0                            4A       4A        4       20       1
                bssBANK0                             46       46        4       20       1
                idataBANK0                          422      422        4      844       0

TOTAL           Name                               Link     Load   Length     Space
        CLASS   STACK          

        CLASS   CONST          

        CLASS   CODE           
                end_init                              1        1        1         0
                cinit                               7F2      7F2        E         0
                reset_vec                             0        0        1         0
                text16                              5BF      5BF       53         0
                text15                              612      612       60         0
                text14                              49A      49A       21         0
                text13                              4BB      4BB       3B         0
                text12                              6FE      6FE       F4         0
                text11                              44A      44A       18         0
                text10                              47A      47A       20         0
                text9                               4F6      4F6       3F         0
                text8                               535      535       45         0
                text7                               57A      57A       45         0
                text6                               672      672       8C         0
                text5                               462      462       18         0
                text4                               430      430        C         0
                text3                               426      426        A         0
                text2                               41E      41E        4         0
                text1                               43C      43C        E         0
                maintext                            41B      41B        3         0
                idataBANK0                          422      422        4         0

        CLASS   STRCODE        

        CLASS   ENTRY          

        CLASS   STRING         

        CLASS   COMMON         
                cstackCOMMON                         70       70        E         1

        CLASS   BANK0          
                cstackBANK0                          20       20       26         1
                dataBANK0                            4A       4A        4         1
                bssBANK0                             46       46        4         1

        CLASS   BANK1          

        CLASS   BIGRAM         

        CLASS   RAM            

        CLASS   ABS1           
                abs_s1                               7E       7E        2         1

        CLASS   SFR0           

        CLASS   SFR1           

        CLASS   SFR2           

        CLASS   SFR3           

        CLASS   SFR4           

        CLASS   SFR5           

        CLASS   SFR6           

        CLASS   SFR7           

        CLASS   SFR8           

        CLASS   SFR9           

        CLASS   SFR10          

        CLASS   SFR11          

        CLASS   SFR12          

        CLASS   SFR13          

        CLASS   SFR14          

        CLASS   SFR15          

        CLASS   SFR16          

        CLASS   SFR17          

        CLASS   SFR18          

        CLASS   SFR19          

        CLASS   SFR20          

        CLASS   SFR21          

        CLASS   SFR22          

        CLASS   SFR23          

        CLASS   SFR24          

        CLASS   SFR25          

        CLASS   SFR26          

        CLASS   SFR27          

        CLASS   SFR28          

        CLASS   SFR29          

        CLASS   SFR30          

        CLASS   SFR31          

        CLASS   CONFIG         
                config                             8007     8007        2         0

        CLASS   IDLOC          

        CLASS   BANK31         

        CLASS   BANK30         

        CLASS   BANK29         

        CLASS   BANK28         

        CLASS   BANK27         

        CLASS   BANK26         

        CLASS   BANK25         

        CLASS   BANK24         

        CLASS   BANK23         

        CLASS   BANK22         

        CLASS   BANK21         

        CLASS   BANK20         

        CLASS   BANK19         

        CLASS   BANK18         

        CLASS   BANK17         

        CLASS   BANK16         

        CLASS   BANK15         

        CLASS   BANK14         

        CLASS   BANK13         

        CLASS   BANK12         

        CLASS   BANK11         

        CLASS   BANK10         

        CLASS   BANK9          

        CLASS   BANK8          

        CLASS   BANK7          

        CLASS   BANK6          

        CLASS   BANK5          

        CLASS   BANK4          

        CLASS   BANK3          

        CLASS   BANK2          

        CLASS   EEDATA         



SEGMENTS        Name                           Load    Length   Top    Selector   Space  Class     Delta

                reset_vec                      000000  000002  000002         0       0  CODE        2
                cstackBANK0                    000020  00002E  00004E        20       1  BANK0       1
                cstackCOMMON                   000070  00000E  00007E        70       1  COMMON      1
                maintext                       00041B  000003  00041E       836       0  CODE        2
                text2                          00041E  000004  000422       83C       0  CODE        2
                idataBANK0                     000422  000004  000426       844       0  CODE        2
                text3                          000426  00000A  000430       84C       0  CODE        2
                text4                          000430  00000C  00043C       860       0  CODE        2
                text1                          00043C  00000E  00044A       878       0  CODE        2
                text11                         00044A  000018  000462       894       0  CODE        2
                text5                          000462  000018  00047A       8C4       0  CODE        2
                text10                         00047A  000020  00049A       8F4       0  CODE        2
                text14                         00049A  000021  0004BB       934       0  CODE        2
                text13                         0004BB  00003B  0004F6       976       0  CODE        2
                text9                          0004F6  00003F  000535       9EC       0  CODE        2
                text8                          000535  000045  00057A       A6A       0  CODE        2
                text7                          00057A  000045  0005BF       AF4       0  CODE        2
                text16                         0005BF  000053  000612       B7E       0  CODE        2
                text15                         000612  000060  000672       C24       0  CODE        2
                text6                          000672  00008C  0006FE       CE4       0  CODE        2
                text12                         0006FE  0000F4  0007F2       DFC       0  CODE        2
                cinit                          0007F2  00000E  000800       FE4       0  CODE        2
                config                         008007  000002  008009     1000E       0  CONFIG      2


UNUSED ADDRESS RANGES

        Name                Unused          Largest block    Delta
        BANK0            0004E-0006F              22           1
        BANK1            000A0-000BF              20           1
        BIGRAM           02000-0206F              70           1
        CODE             00002-0041A             419           2
        CONST            00002-0041A             100           2
        ENTRY            00002-0041A             100           2
        IDLOC            08000-08003               4           2
        RAM              0004E-0006F              22           1
                         000A0-000BF              20
        SFR0             00000-0001F              20           1
        SFR1             00080-0009F              20           1
        SFR10            00500-0056F              70           1
        SFR11            00580-005EF              70           1
        SFR12            00600-0066F              70           1
        SFR13            00680-006EF              70           1
        SFR14            00700-0076F              70           1
        SFR15            00780-007EF              70           1
        SFR16            00800-0086F              70           1
        SFR17            00880-008EF              70           1
        SFR18            00900-0096F              70           1
        SFR19            00980-009EF              70           1
        SFR2             00100-0016F              70           1
        SFR20            00A00-00A6F              70           1
        SFR21            00A80-00AEF              70           1
        SFR22            00B00-00B6F              70           1
        SFR23            00B80-00BEF              70           1
        SFR24            00C00-00C6F              70           1
        SFR25            00C80-00CEF              70           1
        SFR26            00D00-00D6F              70           1
        SFR27            00D80-00DEF              70           1
        SFR28            00E00-00E6F              70           1
        SFR29            00E80-00EEF              70           1
        SFR3             00180-001EF              70           1
        SFR30            00F00-00F6F              70           1
        SFR31            00F80-00FEF              70           1
        SFR4             00200-0026F              70           1
        SFR5             00280-002EF              70           1
        SFR6             00300-0036F              70           1
        SFR7             00380-003EF              70           1
        SFR8             00400-0046F              70           1
        SFR9             00480-004EF              70           1
        STACK            0202E-0206F              42           1
        STRCODE          00002-0041A             419           2
        STRING           00002-0041A             100           2

                                  Symbol Table

?___awdiv                cstackCOMMON 00070
?___awtoft               cstackBANK0  00022
?___ftadd                cstackCOMMON 00078
?___ftpack               cstackCOMMON 00070
?___ftsub                cstackBANK0  00027
?___wmul                 cstackCOMMON 00079
_ANSELCbits              (abs)        0018E
_CM2CON0                 (abs)        00113
_CM2CON0bits             (abs)        00113
_CM2CON1                 (abs)        00114
_FVRCON                  (abs)        00117
_PORTCbits               (abs)        0000E
_TRISCbits               (abs)        0008E
__CFG_BOREN$ON           (abs)        00000
__CFG_BORV$LO            (abs)        00000
__CFG_CLKOUTEN$OFF       (abs)        00000
__CFG_CP$OFF             (abs)        00000
__CFG_FOSC$INTOSC        (abs)        00000
__CFG_LPBOR$OFF          (abs)        00000
__CFG_LVP$ON             (abs)        00000
__CFG_MCLRE$ON           (abs)        00000
__CFG_PWRTE$OFF          (abs)        00000
__CFG_STVREN$ON          (abs)        00000
__CFG_WDTE$OFF           (abs)        00000
__CFG_WRT$OFF            (abs)        00000
__Habs1                  abs1         00000
__Hbank0                 bank0        00000
__Hbank1                 bank1        00000
__Hbank10                bank10       00000
__Hbank11                bank11       00000
__Hbank12                bank12       00000
__Hbank13                bank13       00000
__Hbank14                bank14       00000
__Hbank15                bank15       00000
__Hbank16                bank16       00000
__Hbank17                bank17       00000
__Hbank18                bank18       00000
__Hbank19                bank19       00000
__Hbank2                 bank2        00000
__Hbank20                bank20       00000
__Hbank21                bank21       00000
__Hbank22                bank22       00000
__Hbank23                bank23       00000
__Hbank24                bank24       00000
__Hbank25                bank25       00000
__Hbank26                bank26       00000
__Hbank27                bank27       00000
__Hbank28                bank28       00000
__Hbank29                bank29       00000
__Hbank3                 bank3        00000
__Hbank30                bank30       00000
__Hbank31                bank31       00000
__Hbank4                 bank4        00000
__Hbank5                 bank5        00000
__Hbank6                 bank6        00000
__Hbank7                 bank7        00000
__Hbank8                 bank8        00000
__Hbank9                 bank9        00000
__Hbigram                bigram       00000
__HbssBANK0              bssBANK0     00000
__Hcinit                 cinit        00800
__Hclrtext               clrtext      00000
__Hcode                  code         00000
__Hcommon                common       00000
__Hconfig                config       08009
__HcstackBANK0           cstackBANK0  00000
__HcstackCOMMON          cstackCOMMON 00000
__HdataBANK0             dataBANK0    00000
__Heeprom_data           eeprom_data  00000
__Hend_init              end_init     00002
__Hfunctab               functab      00000
__HidataBANK0            idataBANK0   00000
__Hidloc                 idloc        00000
__Hinit                  init         00001
__Hintentry              intentry     00001
__Hmaintext              maintext     00000
__Hpowerup               powerup      00000
__Hram                   ram          00000
__Hreset_vec             reset_vec    00001
__Hsfr0                  sfr0         00000
__Hsfr1                  sfr1         00000
__Hsfr10                 sfr10        00000
__Hsfr11                 sfr11        00000
__Hsfr12                 sfr12        00000
__Hsfr13                 sfr13        00000
__Hsfr14                 sfr14        00000
__Hsfr15                 sfr15        00000
__Hsfr16                 sfr16        00000
__Hsfr17                 sfr17        00000
__Hsfr18                 sfr18        00000
__Hsfr19                 sfr19        00000
__Hsfr2                  sfr2         00000
__Hsfr20                 sfr20        00000
__Hsfr21                 sfr21        00000
__Hsfr22                 sfr22        00000
__Hsfr23                 sfr23        00000
__Hsfr24                 sfr24        00000
__Hsfr25                 sfr25        00000
__Hsfr26                 sfr26        00000
__Hsfr27                 sfr27        00000
__Hsfr28                 sfr28        00000
__Hsfr29                 sfr29        00000
__Hsfr3                  sfr3         00000
__Hsfr30                 sfr30        00000
__Hsfr31                 sfr31        00000
__Hsfr4                  sfr4         00000
__Hsfr5                  sfr5         00000
__Hsfr6                  sfr6         00000
__Hsfr7                  sfr7         00000
__Hsfr8                  sfr8         00000
__Hsfr9                  sfr9         00000
__Hstack                 stack        00000
__Hstrings               strings      00000
__Htext                  text         00000
__Labs1                  abs1         00000
__Lbank0                 bank0        00000
__Lbank1                 bank1        00000
__Lbank10                bank10       00000
__Lbank11                bank11       00000
__Lbank12                bank12       00000
__Lbank13                bank13       00000
__Lbank14                bank14       00000
__Lbank15                bank15       00000
__Lbank16                bank16       00000
__Lbank17                bank17       00000
__Lbank18                bank18       00000
__Lbank19                bank19       00000
__Lbank2                 bank2        00000
__Lbank20                bank20       00000
__Lbank21                bank21       00000
__Lbank22                bank22       00000
__Lbank23                bank23       00000
__Lbank24                bank24       00000
__Lbank25                bank25       00000
__Lbank26                bank26       00000
__Lbank27                bank27       00000
__Lbank28                bank28       00000
__Lbank29                bank29       00000
__Lbank3                 bank3        00000
__Lbank30                bank30       00000
__Lbank31                bank31       00000
__Lbank4                 bank4        00000
__Lbank5                 bank5        00000
__Lbank6                 bank6        00000
__Lbank7                 bank7        00000
__Lbank8                 bank8        00000
__Lbank9                 bank9        00000
__Lbigram                bigram       00000
__LbssBANK0              bssBANK0     00000
__Lcinit                 cinit        007F2
__Lclrtext               clrtext      00000
__Lcode                  code         00000
__Lcommon                common       00000
__Lconfig                config       08007
__LcstackBANK0           cstackBANK0  00000
__LcstackCOMMON          cstackCOMMON 00000
__LdataBANK0             dataBANK0    00000
__Leeprom_data           eeprom_data  00000
__Lend_init              end_init     00001
__Lfunctab               functab      00000
__LidataBANK0            idataBANK0   00000
__Lidloc                 idloc        00000
__Linit                  init         00001
__Lintentry              intentry     00001
__Lmaintext              maintext     00000
__Lpowerup               powerup      00000
__Lram                   ram          00000
__Lreset_vec             reset_vec    00000
__Lsfr0                  sfr0         00000
__Lsfr1                  sfr1         00000
__Lsfr10                 sfr10        00000
__Lsfr11                 sfr11        00000
__Lsfr12                 sfr12        00000
__Lsfr13                 sfr13        00000
__Lsfr14                 sfr14        00000
__Lsfr15                 sfr15        00000
__Lsfr16                 sfr16        00000
__Lsfr17                 sfr17        00000
__Lsfr18                 sfr18        00000
__Lsfr19                 sfr19        00000
__Lsfr2                  sfr2         00000
__Lsfr20                 sfr20        00000
__Lsfr21                 sfr21        00000
__Lsfr22                 sfr22        00000
__Lsfr23                 sfr23        00000
__Lsfr24                 sfr24        00000
__Lsfr25                 sfr25        00000
__Lsfr26                 sfr26        00000
__Lsfr27                 sfr27        00000
__Lsfr28                 sfr28        00000
__Lsfr29                 sfr29        00000
__Lsfr3                  sfr3         00000
__Lsfr30                 sfr30        00000
__Lsfr31                 sfr31        00000
__Lsfr4                  sfr4         00000
__Lsfr5                  sfr5         00000
__Lsfr6                  sfr6         00000
__Lsfr7                  sfr7         00000
__Lsfr8                  sfr8         00000
__Lsfr9                  sfr9         00000
__Lstack                 stack        00000
__Lstrings               strings      00000
__Ltext                  text         00000
__S0                     (abs)        08009
__S1                     (abs)        0007E
__S2                     (abs)        00000
___awdiv                 text16       005BF
___awdiv@counter         cstackCOMMON 00075
___awdiv@dividend        cstackCOMMON 00072
___awdiv@divisor         cstackCOMMON 00070
___awdiv@quotient        cstackCOMMON 00077
___awdiv@sign            cstackCOMMON 00076
___awtoft                text14       0049A
___awtoft@c              cstackBANK0  00022
___awtoft@sign           cstackCOMMON 0007D
___ftadd                 text12       006FE
___ftadd@exp1            cstackBANK0  00026
___ftadd@exp2            cstackBANK0  00025
___ftadd@f1              cstackCOMMON 00078
___ftadd@f2              cstackCOMMON 0007B
___ftadd@sign            cstackBANK0  00024
___ftge                  text13       004BB
___ftge@ff1              cstackCOMMON 00070
___ftge@ff2              cstackCOMMON 00073
___ftpack                text15       00612
___ftpack@arg            cstackCOMMON 00070
___ftpack@exp            cstackCOMMON 00073
___ftpack@sign           cstackCOMMON 00074
___ftsub                 text11       0044A
___ftsub@f1              cstackBANK0  0002A
___ftsub@f2              cstackBANK0  00027
___int_sp                stack        00000
___latbits               (abs)        00000
___sp                    stack        00000
___wmul                  text10       0047A
___wmul@multiplicand     cstackCOMMON 0007B
___wmul@multiplier       cstackCOMMON 00079
___wmul@product          cstackBANK0  00020
__end_of___awdiv         text16       00612
__end_of___awtoft        text14       004BB
__end_of___ftadd         text12       007F2
__end_of___ftge          text13       004F6
__end_of___ftpack        text15       00672
__end_of___ftsub         text11       00462
__end_of___wmul          text10       0049A
__end_of__initialization cinit        007FE
__end_of_algoritmo1      text5        0047A
__end_of_delayMs         text8        0057A
__end_of_delayS          text7        005BF
__end_of_delayUs         text9        00535
__end_of_loop            text4        0043C
__end_of_main            maintext     0041E
__end_of_medida_COMP     text3        00430
__end_of_mover           text6        006FE
__end_of_setup           text1        0044A
__end_of_vRef            text2        00422
__initialization         cinit        007F2
__pbssBANK0              bssBANK0     00046
__pcstackBANK0           cstackBANK0  00020
__pcstackCOMMON          cstackCOMMON 00070
__pdataBANK0             dataBANK0    0004A
__pidataBANK0            idataBANK0   00422
__pmaintext              maintext     0041B
__ptext1                 text1        0043C
__ptext10                text10       0047A
__ptext11                text11       0044A
__ptext12                text12       006FE
__ptext13                text13       004BB
__ptext14                text14       0049A
__ptext15                text15       00612
__ptext16                text16       005BF
__ptext2                 text2        0041E
__ptext3                 text3        00426
__ptext4                 text4        00430
__ptext5                 text5        00462
__ptext6                 text6        00672
__ptext7                 text7        0057A
__ptext8                 text8        00535
__ptext9                 text9        004F6
__size_of___awdiv        (abs)        00000
__size_of___awtoft       (abs)        00000
__size_of___ftadd        (abs)        00000
__size_of___ftge         (abs)        00000
__size_of___ftpack       (abs)        00000
__size_of___ftsub        (abs)        00000
__size_of___wmul         (abs)        00000
__size_of_algoritmo1     (abs)        00000
__size_of_delayMs        (abs)        00000
__size_of_delayS         (abs)        00000
__size_of_delayUs        (abs)        00000
__size_of_loop           (abs)        00000
__size_of_main           (abs)        00000
__size_of_medida_COMP    (abs)        00000
__size_of_mover          (abs)        00000
__size_of_setup          (abs)        00000
__size_of_vRef           (abs)        00000
_algoritmo1              text5        00462
_delayMs                 text8        00535
_delayS                  text7        0057A
_delayUs                 text9        004F6
_loop                    text4        00430
_main                    maintext     0041B
_medida_COMP             text3        00426
_mover                   text6        00672
_mover$470               cstackBANK0  0003E
_mover$471               cstackBANK0  00040
_paso                    dataBANK0    0004A
_rpm                     dataBANK0    0004C
_setup                   text1        0043C
_vRef                    text2        0041E
_va                      bssBANK0     00046
_x                       bssBANK0     00048
btemp                    (abs)        0007E
delayMs@ciclo_esp        cstackBANK0  00034
delayMs@ms               cstackBANK0  00032
delayS@ciclo_esp         cstackBANK0  00039
delayS@s                 cstackBANK0  00037
delayUs@ciclo_esp        cstackBANK0  0002F
delayUs@us               cstackBANK0  0002D
end_of_initialization    cinit        007FE
intlevel0                functab      00000
intlevel1                functab      00000
intlevel2                functab      00000
intlevel3                functab      00000
intlevel4                functab      00000
intlevel5                functab      00000
ltemp                    (abs)        0007E
ltemp0                   (abs)        0007E
ltemp1                   (abs)        00082
ltemp2                   (abs)        00086
ltemp3                   (abs)        00080
mover@v                  cstackBANK0  0003C
reset_vec                reset_vec    00000
stackhi                  (abs)        0206F
stacklo                  (abs)        0202E
start                    init         00001
start_initialization     cinit        007F2
ttemp                    (abs)        0007E
ttemp0                   (abs)        0007E
ttemp1                   (abs)        00081
ttemp2                   (abs)        00084
ttemp3                   (abs)        00087
ttemp4                   (abs)        0007F
wtemp                    (abs)        0007E
wtemp0                   (abs)        0007E
wtemp1                   (abs)        00080
wtemp2                   (abs)        00082
wtemp3                   (abs)        00084
wtemp4                   (abs)        00086
wtemp5                   (abs)        00088
wtemp6                   (abs)        0007F


FUNCTION INFORMATION:

 *************** function _main *****************
 Defined at:
		line 223 in file "main.c"
 Parameters:    Size  Location     Type
  argc            2   34[BANK0 ] int 
  argv            2   36[BANK0 ] PTR PTR unsigned char 
 Auto vars:     Size  Location     Type
		None
 Return value:  Size  Location     Type
                  2   34[BANK0 ] int 
 Registers used:
		wreg, status,2, status,0, btemp+1, pclath, cstack
 Tracked objects:
		On entry : 
		On exit  : 
		Unchanged: 
 Data sizes:     COMMON   BANK0   BANK1
      Params:         0       4       0
      Locals:         0       0       0
      Temps:          0       0       0
      Totals:         0       4       0
Total ram usage:        4 bytes
 Hardware stack levels required when called:    9
 This function calls:
		_loop
		_setup
 This function is called by:
		Startup code after reset
 This function uses a non-reentrant model


 *************** function _setup *****************
 Defined at:
		line 189 in file "main.c"
 Parameters:    Size  Location     Type
		None
 Auto vars:     Size  Location     Type
		None
 Return value:  Size  Location     Type
		None               void
 Registers used:
		wreg, status,2, status,0, pclath, cstack
 Tracked objects:
		On entry : 
		On exit  : 
		Unchanged: 
 Data sizes:     COMMON   BANK0   BANK1
      Params:         0       0       0
      Locals:         0       0       0
      Temps:          0       0       0
      Totals:         0       0       0
Total ram usage:        0 bytes
 Hardware stack levels used:    1
 Hardware stack levels required when called:    6
 This function calls:
		_delayS
		_medida_COMP
		_vRef
 This function is called by:
		_main
 This function uses a non-reentrant model


 *************** function _vRef *****************
 Defined at:
		line 86 in file "main.c"
 Parameters:    Size  Location     Type
		None
 Auto vars:     Size  Location     Type
		None
 Return value:  Size  Location     Type
		None               void
 Registers used:
		wreg
 Tracked objects:
		On entry : 
		On exit  : 
		Unchanged: 
 Data sizes:     COMMON   BANK0   BANK1
      Params:         0       0       0
      Locals:         0       0       0
      Temps:          0       0       0
      Totals:         0       0       0
Total ram usage:        0 bytes
 Hardware stack levels used:    1
 This function calls:
		Nothing
 This function is called by:
		_setup
 This function uses a non-reentrant model


 *************** function _medida_COMP *****************
 Defined at:
		line 104 in file "main.c"
 Parameters:    Size  Location     Type
		None
 Auto vars:     Size  Location     Type
		None
 Return value:  Size  Location     Type
		None               void
 Registers used:
		wreg
 Tracked objects:
		On entry : 
		On exit  : 
		Unchanged: 
 Data sizes:     COMMON   BANK0   BANK1
      Params:         0       0       0
      Locals:         0       0       0
      Temps:          0       0       0
      Totals:         0       0       0
Total ram usage:        0 bytes
 Hardware stack levels used:    1
 This function calls:
		Nothing
 This function is called by:
		_setup
 This function uses a non-reentrant model


 *************** function _loop *****************
 Defined at:
		line 212 in file "main.c"
 Parameters:    Size  Location     Type
		None
 Auto vars:     Size  Location     Type
		None
 Return value:  Size  Location     Type
		None               void
 Registers used:
		wreg, status,2, status,0, btemp+1, pclath, cstack
 Tracked objects:
		On entry : 
		On exit  : 
		Unchanged: 
 Data sizes:     COMMON   BANK0   BANK1
      Params:         0       0       0
      Locals:         0       0       0
      Temps:          0       0       0
      Totals:         0       0       0
Total ram usage:        0 bytes
 Hardware stack levels used:    1
 Hardware stack levels required when called:    8
 This function calls:
		_algoritmo1
 This function is called by:
		_main
 This function uses a non-reentrant model


 *************** function _algoritmo1 *****************
 Defined at:
		line 177 in file "main.c"
 Parameters:    Size  Location     Type
		None
 Auto vars:     Size  Location     Type
		None
 Return value:  Size  Location     Type
		None               void
 Registers used:
		wreg, status,2, status,0, btemp+1, pclath, cstack
 Tracked objects:
		On entry : 
		On exit  : 
		Unchanged: 
 Data sizes:     COMMON   BANK0   BANK1
      Params:         0       0       0
      Locals:         0       0       0
      Temps:          0       0       0
      Totals:         0       0       0
Total ram usage:        0 bytes
 Hardware stack levels used:    1
 Hardware stack levels required when called:    7
 This function calls:
		_mover
 This function is called by:
		_loop
 This function uses a non-reentrant model


 *************** function _mover *****************
 Defined at:
		line 137 in file "main.c"
 Parameters:    Size  Location     Type
  v               2   28[BANK0 ] int 
 Auto vars:     Size  Location     Type
		None
 Return value:  Size  Location     Type
		None               void
 Registers used:
		wreg, status,2, status,0, btemp+1, pclath, cstack
 Tracked objects:
		On entry : 
		On exit  : 
		Unchanged: 
 Data sizes:     COMMON   BANK0   BANK1
      Params:         0       2       0
      Locals:         0       4       0
      Temps:          0       0       0
      Totals:         0       6       0
Total ram usage:        6 bytes
 Hardware stack levels used:    1
 Hardware stack levels required when called:    6
 This function calls:
		___awdiv
		___wmul
		_delayS
 This function is called by:
		_algoritmo1
 This function uses a non-reentrant model


 *************** function _delayS *****************
 Defined at:
		line 72 in file "main.c"
 Parameters:    Size  Location     Type
  s               2   23[BANK0 ] int 
 Auto vars:     Size  Location     Type
  ciclo_esp       3   25[BANK0 ] float 
 Return value:  Size  Location     Type
		None               void
 Registers used:
		wreg, status,2, status,0, pclath, cstack
 Tracked objects:
		On entry : 
		On exit  : 
		Unchanged: 
 Data sizes:     COMMON   BANK0   BANK1
      Params:         0       2       0
      Locals:         0       3       0
      Temps:          0       0       0
      Totals:         0       5       0
Total ram usage:        5 bytes
 Hardware stack levels used:    1
 Hardware stack levels required when called:    5
 This function calls:
		___awtoft
		___ftge
		___ftsub
		___wmul
		_delayMs
 This function is called by:
		_mover
		_setup
 This function uses a non-reentrant model


 *************** function _delayMs *****************
 Defined at:
		line 59 in file "main.c"
 Parameters:    Size  Location     Type
  ms              2   18[BANK0 ] int 
 Auto vars:     Size  Location     Type
  ciclo_esp       3   20[BANK0 ] float 
 Return value:  Size  Location     Type
		None               void
 Registers used:
		wreg, status,2, status,0, pclath, cstack
 Tracked objects:
		On entry : 
		On exit  : 
		Unchanged: 
 Data sizes:     COMMON   BANK0   BANK1
      Params:         0       2       0
      Locals:         0       3       0
      Temps:          0       0       0
      Totals:         0       5       0
Total ram usage:        5 bytes
 Hardware stack levels used:    1
 Hardware stack levels required when called:    4
 This function calls:
		___awtoft
		___ftge
		___ftsub
		___wmul
		_delayUs
 This function is called by:
		_delayS
 This function uses a non-reentrant model


 *************** function _delayUs *****************
 Defined at:
		line 47 in file "main.c"
 Parameters:    Size  Location     Type
  us              2   13[BANK0 ] int 
 Auto vars:     Size  Location     Type
  ciclo_esp       3   15[BANK0 ] float 
 Return value:  Size  Location     Type
		None               void
 Registers used:
		wreg, status,2, status,0, pclath, cstack
 Tracked objects:
		On entry : 
		On exit  : 
		Unchanged: 
 Data sizes:     COMMON   BANK0   BANK1
      Params:         0       2       0
      Locals:         0       3       0
      Temps:          0       0       0
      Totals:         0       5       0
Total ram usage:        5 bytes
 Hardware stack levels used:    1
 Hardware stack levels required when called:    3
 This function calls:
		___awtoft
		___ftge
		___ftsub
		___wmul
 This function is called by:
		_delayMs
 This function uses a non-reentrant model


 *************** function ___wmul *****************
 Defined at:
		line 4 in file "/opt/microchip/xc8/v1.30/sources/common/wmul.c"
 Parameters:    Size  Location     Type
  multiplier      2    9[COMMON] unsigned int 
  multiplicand    2   11[COMMON] unsigned int 
 Auto vars:     Size  Location     Type
  product         2    0[BANK0 ] unsigned int 
 Return value:  Size  Location     Type
                  2    9[COMMON] unsigned int 
 Registers used:
		wreg, status,2, status,0
 Tracked objects:
		On entry : 
		On exit  : 
		Unchanged: 
 Data sizes:     COMMON   BANK0   BANK1
      Params:         4       0       0
      Locals:         0       2       0
      Temps:          0       0       0
      Totals:         4       2       0
Total ram usage:        6 bytes
 Hardware stack levels used:    1
 This function calls:
		Nothing
 This function is called by:
		_delayUs
		_delayMs
		_delayS
		_mover
 This function uses a non-reentrant model


 *************** function ___ftsub *****************
 Defined at:
		line 18 in file "/opt/microchip/xc8/v1.30/sources/common/ftsub.c"
 Parameters:    Size  Location     Type
  f2              3    7[BANK0 ] float 
  f1              3   10[BANK0 ] float 
 Auto vars:     Size  Location     Type
		None
 Return value:  Size  Location     Type
                  3    7[BANK0 ] float 
 Registers used:
		wreg, status,2, status,0, pclath, cstack
 Tracked objects:
		On entry : 
		On exit  : 
		Unchanged: 
 Data sizes:     COMMON   BANK0   BANK1
      Params:         0       6       0
      Locals:         0       0       0
      Temps:          0       0       0
      Totals:         0       6       0
Total ram usage:        6 bytes
 Hardware stack levels used:    1
 Hardware stack levels required when called:    2
 This function calls:
		___ftadd
 This function is called by:
		_delayUs
		_delayMs
		_delayS
 This function uses a non-reentrant model


 *************** function ___ftadd *****************
 Defined at:
		line 86 in file "/opt/microchip/xc8/v1.30/sources/common/ftadd.c"
 Parameters:    Size  Location     Type
  f1              3    8[COMMON] float 
  f2              3   11[COMMON] float 
 Auto vars:     Size  Location     Type
  exp1            1    6[BANK0 ] unsigned char 
  exp2            1    5[BANK0 ] unsigned char 
  sign            1    4[BANK0 ] unsigned char 
 Return value:  Size  Location     Type
                  3    8[COMMON] float 
 Registers used:
		wreg, status,2, status,0, pclath, cstack
 Tracked objects:
		On entry : 
		On exit  : 
		Unchanged: 
 Data sizes:     COMMON   BANK0   BANK1
      Params:         6       0       0
      Locals:         0       3       0
      Temps:          0       4       0
      Totals:         6       7       0
Total ram usage:       13 bytes
 Hardware stack levels used:    1
 Hardware stack levels required when called:    1
 This function calls:
		___ftpack
 This function is called by:
		___ftsub
 This function uses a non-reentrant model


 *************** function ___ftge *****************
 Defined at:
		line 4 in file "/opt/microchip/xc8/v1.30/sources/common/ftge.c"
 Parameters:    Size  Location     Type
  ff1             3    0[COMMON] float 
  ff2             3    3[COMMON] float 
 Auto vars:     Size  Location     Type
		None
 Return value:  Size  Location     Type
		None               void
 Registers used:
		wreg, status,2, status,0
 Tracked objects:
		On entry : 
		On exit  : 
		Unchanged: 
 Data sizes:     COMMON   BANK0   BANK1
      Params:         6       0       0
      Locals:         0       0       0
      Temps:          3       0       0
      Totals:         9       0       0
Total ram usage:        9 bytes
 Hardware stack levels used:    1
 This function calls:
		Nothing
 This function is called by:
		_delayUs
		_delayMs
		_delayS
 This function uses a non-reentrant model


 *************** function ___awtoft *****************
 Defined at:
		line 32 in file "/opt/microchip/xc8/v1.30/sources/common/awtoft.c"
 Parameters:    Size  Location     Type
  c               2    2[BANK0 ] int 
 Auto vars:     Size  Location     Type
  sign            1   13[COMMON] unsigned char 
 Return value:  Size  Location     Type
                  3    2[BANK0 ] float 
 Registers used:
		wreg, status,2, status,0, pclath, cstack
 Tracked objects:
		On entry : 
		On exit  : 
		Unchanged: 
 Data sizes:     COMMON   BANK0   BANK1
      Params:         0       3       0
      Locals:         1       0       0
      Temps:          0       2       0
      Totals:         1       5       0
Total ram usage:        6 bytes
 Hardware stack levels used:    1
 Hardware stack levels required when called:    1
 This function calls:
		___ftpack
 This function is called by:
		_delayUs
		_delayMs
		_delayS
 This function uses a non-reentrant model


 *************** function ___ftpack *****************
 Defined at:
		line 62 in file "/opt/microchip/xc8/v1.30/sources/common/float.c"
 Parameters:    Size  Location     Type
  arg             3    0[COMMON] unsigned um
  exp             1    3[COMMON] unsigned char 
  sign            1    4[COMMON] unsigned char 
 Auto vars:     Size  Location     Type
		None
 Return value:  Size  Location     Type
                  3    0[COMMON] float 
 Registers used:
		wreg, status,2, status,0
 Tracked objects:
		On entry : 
		On exit  : 
		Unchanged: 
 Data sizes:     COMMON   BANK0   BANK1
      Params:         5       0       0
      Locals:         0       0       0
      Temps:          3       0       0
      Totals:         8       0       0
Total ram usage:        8 bytes
 Hardware stack levels used:    1
 This function calls:
		Nothing
 This function is called by:
		___awtoft
		___ftadd
 This function uses a non-reentrant model


 *************** function ___awdiv *****************
 Defined at:
		line 6 in file "/opt/microchip/xc8/v1.30/sources/common/awdiv.c"
 Parameters:    Size  Location     Type
  divisor         2    0[COMMON] int 
  dividend        2    2[COMMON] int 
 Auto vars:     Size  Location     Type
  quotient        2    7[COMMON] int 
  sign            1    6[COMMON] unsigned char 
  counter         1    5[COMMON] unsigned char 
 Return value:  Size  Location     Type
                  2    0[COMMON] int 
 Registers used:
		wreg, status,2, status,0
 Tracked objects:
		On entry : 
		On exit  : 
		Unchanged: 
 Data sizes:     COMMON   BANK0   BANK1
      Params:         4       0       0
      Locals:         4       0       0
      Temps:          1       0       0
      Totals:         9       0       0
Total ram usage:        9 bytes
 Hardware stack levels used:    1
 This function calls:
		Nothing
 This function is called by:
		_mover
 This function uses a non-reentrant model



MODULE INFORMATION

Module		Function		Class		Link	Load	Size
/opt/microchip/xc8/v1.30/sources/common/awtoft.c
		___awtoft      		CODE           	049A	0000	33

/opt/microchip/xc8/v1.30/sources/common/awtoft.c estimated size: 33

/opt/microchip/xc8/v1.30/sources/common/awdiv.c
		___awdiv       		CODE           	05BF	0000	83

/opt/microchip/xc8/v1.30/sources/common/awdiv.c estimated size: 83

/opt/microchip/xc8/v1.30/sources/common/ftadd.c
		___ftadd       		CODE           	06FE	0000	244

/opt/microchip/xc8/v1.30/sources/common/ftadd.c estimated size: 244

shared
		__initializatio		CODE           	07F2	0000	12

shared estimated size: 12

/opt/microchip/xc8/v1.30/sources/common/float.c
		___ftpack      		CODE           	0612	0000	96

/opt/microchip/xc8/v1.30/sources/common/float.c estimated size: 96

main.c
		_loop          		CODE           	0430	0000	12
		_vRef          		CODE           	041E	0000	4
		_main          		CODE           	041B	0000	3
		_delayUs       		CODE           	04F6	0000	63
		_delayS        		CODE           	057A	0000	69
		_medida_COMP   		CODE           	0426	0000	10
		_delayMs       		CODE           	0535	0000	69
		_setup         		CODE           	043C	0000	14
		_algoritmo1    		CODE           	0462	0000	24
		_mover         		CODE           	0672	0000	140

main.c estimated size: 408

/opt/microchip/xc8/v1.30/sources/common/ftsub.c
		___ftsub       		CODE           	044A	0000	24

/opt/microchip/xc8/v1.30/sources/common/ftsub.c estimated size: 24

/opt/microchip/xc8/v1.30/sources/common/ftge.c
		___ftge        		CODE           	04BB	0000	59

/opt/microchip/xc8/v1.30/sources/common/ftge.c estimated size: 59

/opt/microchip/xc8/v1.30/sources/common/wmul.c
		___wmul        		CODE           	047A	0000	32

/opt/microchip/xc8/v1.30/sources/common/wmul.c estimated size: 32

